../../Middlewares/ST/touchgfx/framework/include/touchgfx/Screen.hpp:104:18:virtual void touchgfx::Screen::afterTransition()	0	static
../../Middlewares/ST/touchgfx/framework/include/touchgfx/Screen.hpp:144:18:virtual void touchgfx::Screen::handleTickEvent()	0	static
../../Middlewares/ST/touchgfx/framework/include/touchgfx/Screen.hpp:154:18:virtual void touchgfx::Screen::handleKeyEvent(uint8_t)	0	static
C:/TouchGFXProjects/WhiteoutAlarm/TouchGFX/gui/src/main_screen/MainView.cpp:29:6:virtual void MainView::tearDownScreen()	0	static
../../TouchGFX/gui/include/gui/main_screen/MainView.hpp:11:13:MainView::~MainView()	8	static
../../TouchGFX/gui/include/gui/main_screen/MainView.hpp:11:13:virtual MainView::~MainView()	8	static
C:/TouchGFXProjects/WhiteoutAlarm/TouchGFX/gui/src/main_screen/MainView.cpp:48:6:void MainView::configureRTCFromPC()	40	static
C:/TouchGFXProjects/WhiteoutAlarm/TouchGFX/gui/src/main_screen/MainView.cpp:59:1:cpp)	0	static
C:/TouchGFXProjects/WhiteoutAlarm/TouchGFX/gui/src/main_screen/MainView.cpp:59:1:cpp)	0	static
C:/TouchGFXProjects/WhiteoutAlarm/TouchGFX/gui/src/main_screen/MainView.cpp:24:6:virtual void MainView::setupScreen()	0	static
C:/TouchGFXProjects/WhiteoutAlarm/TouchGFX/gui/src/main_screen/MainView.cpp:34:6:void MainView::updateTimeOnAnalogClock(uint8_t, uint8_t, uint8_t)	0	static
C:/TouchGFXProjects/WhiteoutAlarm/TouchGFX/gui/src/main_screen/MainView.cpp:39:6:void MainView::updateTimeFromRTC()	32	static
C:/TouchGFXProjects/WhiteoutAlarm/TouchGFX/gui/src/main_screen/MainView.cpp:14:1:MainView::MainView()	8	static
