C:/TouchGFXProjects/WhiteoutAlarm/Core/Src/main.c:924:6:StartDefaultTask	8	static
C:/TouchGFXProjects/WhiteoutAlarm/Core/Src/main.c:281:6:SystemClock_Config	96	static
C:/TouchGFXProjects/WhiteoutAlarm/Core/Src/main.c:150:5:main	128	static,ignoring_inline_asm
C:/TouchGFXProjects/WhiteoutAlarm/Core/Src/main.c:902:5:__io_putchar	0	static,ignoring_inline_asm
C:/TouchGFXProjects/WhiteoutAlarm/Core/Src/main.c:908:10:map	8	static
C:/TouchGFXProjects/WhiteoutAlarm/Core/Src/main.c:912:6:HAL_ADC_ConvCpltCallback	8	static
C:/TouchGFXProjects/WhiteoutAlarm/Core/Src/main.c:980:6:HAL_TIM_PeriodElapsedCallback	0	static
C:/TouchGFXProjects/WhiteoutAlarm/Core/Src/main.c:997:6:Error_Handler	0	static
